Received: Data snd -> rcv, from: 127.0.0.1:Integer
Received: Data snd -> rcv, from: 127.0.0.1:Integer
Received: Data snd -> rcv, from: 127.0.0.1:Integer
Received: Data snd -> rcv, from: 127.0.0.1:Integer
Received: Data snd -> rcv, from: 127.0.0.1:Integer

=== Execute socket datagram receiver ===========================================


=== Execute socket datagram senders ============================================


=== Tutorial end ===============================================================

