
=== Float object ===============================================================

Float: 0.000000
Float: 65.000000
Float: 10.000000
Float: 11.000000
Float: 16.000000

=== Float constant syntax ======================================================

Float: 1000.0 -> 1000.000000
Float: 1000.  -> 1000.000000
Float: 1e3    -> 1000.000000
Float: 1e+3   -> 1000.000000
Float: .001   -> 0.001000
Float: 1E-003 -> 0.001000

=== Float assign operator ======================================================

float: 10.000000
float: string

=== Float plus operators =======================================================

float_0            -> 125.250000
float_1            -> 333.333333
float_0 + float_1  -> 458.583333
float_0            -> 125.250000
float_0 += float_1 -> 458.583333
float_0            -> 458.583333
+ float_0          -> 458.583333
float_0            -> 458.583333

=== Float minus operators ======================================================

float_0            -> 125.250000
float_1            -> 333.333333
float_0 - float_1  -> -208.083333
float_0            -> 125.250000
float_0 -= float_1 -> -208.083333
float_0            -> -208.083333
- float_0          -> 208.083333
float_0            -> -208.083333

=== Float asterisk operators ===================================================

float_0            -> 125.250000
float_1            -> 333.333333
float_0 * float_1  -> 41750.000000
float_0            -> 125.250000
float_0 *= float_1 -> 41750.000000
float_0            -> 41750.000000

=== Float slash operators ======================================================

float_0            -> 125.250000
float_1            -> 333.333333
float_0 / float_1  -> 0.375750
float_0            -> 125.250000
float_0 /= float_1 -> 0.375750
float_0            -> 0.375750

=== Float double ampersand operators ===========================================

0.0 && 1.0 -> 0
0.0 && 0.0 -> 0
1.0 && 1.0 -> 1
1.0 && 0.0 -> 0

=== Float double pipe operators ================================================

0.0 || 1.0 -> 1
0.0 || 0.0 -> 0
1.0 || 1.0 -> 1
1.0 || 0.0 -> 1

=== Float exclamation operator =================================================

! 0.0 -> 1
! 1.0 -> 0

=== Float compare operators ====================================================

float_0            -> 125.250000
float_1            -> 333.333333
float_0 == float_1 -> 0
float_0 != float_1 -> 1
float_0 > float_1  -> 0
float_0 < float_1  -> 1
float_0 >= float_1 -> 0
float_0 <= float_1 -> 1
float_0            -> 125.250000

=== Float double plus operators ================================================

float_0    -> 125.250000
++ float_0 -> 126.250000
float_0    -> 126.250000
float_0 ++ -> 126.250000
float_0    -> 127.250000

=== Float double minus operators ===============================================

float_0    -> 125.250000
-- float_0 -> 124.250000
float_0    -> 124.250000
float_0 -- -> 124.250000
float_0    -> 123.250000

=== Float method sin#0 =========================================================

float       -> 1.570796
float.sin() -> 1.000000
float       -> 1.570796

=== Float method cos#0 =========================================================

float       -> 3.141593
float.cos() -> -1.000000
float       -> 3.141593

=== Float method tan#0 =========================================================

float       -> 0.785398
float.tan() -> 1.000000
float       -> 0.785398

=== Float method asin#0 ========================================================

float        -> 1.000000
float.asin() -> 1.570796
float        -> 1.000000

=== Float method acos#0 ========================================================

float        -> 1.000000
float.acos() -> 0.000000
float        -> 1.000000

=== Float method atan#0 ========================================================

float        -> 1.000000
float.atan() -> 0.785398
float        -> 1.000000

=== Float method exp#0 =========================================================

float       -> 1.000000
float.exp() -> 2.718282
float       -> 1.000000

=== Float method log#0 =========================================================

float       -> 2.718282
float.log() -> 1.000000
float       -> 2.718282

=== Float method pow#0 =========================================================

float        -> 10.000000
float.pow(4) -> 10000.000000
float        -> 10.000000

=== Float method sqrt#0 ========================================================

float        -> 100.000000
float.sqrt() -> 10.000000
float        -> 100.000000

=== Float method cbrt#0 ========================================================

float        -> 1000.000000
float.cbrt() -> 10.000000
float        -> 1000.000000

=== Float method hypot#0 =======================================================

float          -> 3.000000
float.hypot(4) -> 5.000000
float          -> 3.000000

=== Float method isnan#0 =======================================================

float         -> 125.250000
float.isnan() -> 0
float         -> 125.250000

=== Tutorial end ===============================================================

