
=== Buffer object ==============================================================

Buffer: Buffer

=== Buffer assign operator =====================================================

buffer: Buffer
buffer: 10

=== Array method size#0 ========================================================

buffer        -> Buffer
buffer.size() -> 30000
buffer        -> Buffer

=== Tutorial end ===============================================================

