
=== Class from imported module =================================================

Imported: Imported

=== Tutorial end ===============================================================

