
=== Stack object ===============================================================

Stack: []
Stack: [1,2,3,4,5]

=== Stack assign operator ======================================================

stack: []
stack: 10

=== Stack compare operators ====================================================

stack_0 == stack_0 -> 1
stack_0 == stack_1 -> 0
stack_0 == 10      -> 0
stack_0 != stack_0 -> 0
stack_0 != stack_1 -> 1
stack_0 != 10      -> 1

=== Stack plus operators =======================================================

stack_0          -> [1,2,3]
stack_0 + arr_1  -> [1,2,3,4,5,6]
stack_0          -> [1,2,3]
stack_0 += arr_1 -> [1,2,3,4,5,6]
stack_0          -> [1,2,3,4,5,6]

=== Stack method clear#0 =======================================================

stack         -> [1,2,3,4,5]
stack.clear() -> <blank>
stack         -> []

=== Stack method items#0 =======================================================

stack -> type: Stack, value [1,2,3,4,5]
items -> type: Array, value [1,2,3,4,5]
stack -> type: Stack, value [1,2,3,4,5]

=== Stack method push#1 ========================================================

stack          -> [1,2,3,4,5]
stack.push(10) -> <blank>
stack.push(10) -> <blank>
stack.push(10) -> <blank>
stack          -> [1,2,3,4,5,10,10,10]

=== Stack method push_ref#1 ====================================================

value                 -> 10
stack                 -> [1,2,3,4,5]
stack.push_ref(value) -> <blank>
stack.push_ref(value) -> <blank>
stack.push_ref(value) -> <blank>
stack                 -> [1,2,3,4,5,10,10,10]
value = 100;          -> 100
stack                 -> [1,2,3,4,5,100,100,100]

=== Stack method pop#0 =========================================================

stack       -> [1,2,3,4,5]
stack.pop() -> 5
stack.pop() -> 4
stack.pop() -> 3
stack       -> [1,2]

=== Difference of to_string#0 and to_string#1 ==================================

stack.to_string()        -> [1,2,3,4,5]
stack.to_string("-SEP-") -> 1-SEP-2-SEP-3-SEP-4-SEP-5

=== Tutorial end ===============================================================

