
=== Queue object ===============================================================

Queue: []
Queue: [1,2,3,4,5]

=== Queue assign operator ======================================================

queue: []
queue: 10

=== Queue compare operators ====================================================

queue_0 == queue_0 -> 1
queue_0 == queue_1 -> 0
queue_0 == 10      -> 0
queue_0 != queue_0 -> 0
queue_0 != queue_1 -> 1
queue_0 != 10      -> 1

=== Queue plus operators =======================================================

queue_0          -> [1,2,3]
queue_0 + arr_1  -> [1,2,3,4,5,6]
queue_0          -> [1,2,3]
queue_0 += arr_1 -> [1,2,3,4,5,6]
queue_0          -> [1,2,3,4,5,6]

=== Queue method clear#0 =======================================================

queue         -> [1,2,3,4,5]
queue.clear() -> <blank>
queue         -> []

=== Queue method items#0 =======================================================

queue -> type: Queue, value [1,2,3,4,5]
items -> type: Array, value [1,2,3,4,5]
queue -> type: Queue, value [1,2,3,4,5]

=== Queue method insert#1 ======================================================

queue            -> [1,2,3,4,5]
queue.insert(10) -> <blank>
queue.insert(10) -> <blank>
queue.insert(10) -> <blank>
queue            -> [1,2,3,4,5,10,10,10]

=== Queue method next#0 ========================================================

queue        -> [1,2,3,4,5]
queue.next() -> 1
queue.next() -> 2
queue.next() -> 3
queue        -> [4,5]

=== Difference of to_string#0 and to_string#1 ==================================

queue.to_string()        -> [1,2,3,4,5]
queue.to_string("-SEP-") -> 1-SEP-2-SEP-3-SEP-4-SEP-5

=== Tutorial end ===============================================================

