
=== List object ================================================================

List: []
List: [1,2,3,4,5]

=== List assign operator =======================================================

list: []
list: 10

=== List compare operators =====================================================

list_0 == list_0 -> 1
list_0 == list_1 -> 0
list_0 == 10     -> 0
list_0 != list_0 -> 0
list_0 != list_1 -> 1
list_0 != 10     -> 1

=== List plus operators ========================================================

list_0          -> [1,2,3]
list_0 + arr_1  -> [1,2,3,4,5,6]
list_0          -> [1,2,3]
list_0 += arr_1 -> [1,2,3,4,5,6]
list_0          -> [1,2,3,4,5,6]

=== List item select operator ==================================================

list[0]: One
list[1]: Two
list[2]: Three
list[3]: Four

=== List method clear#0 ========================================================

list         -> [1,2,3,4,5]
list.clear() -> <blank>
list         -> []

=== List method items#0 ========================================================

list  -> type: List, value [1,2,3,4,5]
items -> type: Array, value [1,2,3,4,5]
list  -> type: List, value [1,2,3,4,5]

=== List method append#1 =======================================================

list           -> [1,2,3,4,5]
list.append(6) -> 5
list.append(7) -> 6
list.append(8) -> 7
list           -> [1,2,3,4,5,6,7,8]

=== List method append_ref#1 ===================================================

value                  -> 10
list                   -> [1,2,3,4,5]
list.append_ref(value) -> 5
list.append_ref(value) -> 6
list.append_ref(value) -> 7
list                   -> [1,2,3,4,5,10,10,10]
value = 100;           -> 100
list                   -> [1,2,3,4,5,100,100,100]

=== List method prepend#1 ======================================================

list            -> [1,2,3,4,5]
list.prepend(6) -> 5
list.prepend(7) -> 6
list.prepend(8) -> 7
list            -> [8,7,6,1,2,3,4,5]

=== List method prepend_ref#1 ==================================================

value                   -> 10
list                    -> [1,2,3,4,5]
list.prepend_ref(value) -> 5
list.prepend_ref(value) -> 6
list.prepend_ref(value) -> 7
list                    -> [10,10,10,1,2,3,4,5]
value = 100;            -> 100
list                    -> [100,100,100,1,2,3,4,5]

=== List method insert_before#2 ================================================

list                      -> [1,2,3,4,5]
list.insert_before(idx,6) -> 5
list.insert_before(idx,7) -> 6
list.insert_before(idx,8) -> 7
list                      -> [1,2,6,7,8,3,4,5]

=== List method insert_before_ref#2 ============================================

value                             -> 10
list                              -> [1,2,3,4,5]
list.insert_before_ref(idx,value) -> 5
list.insert_before_ref(idx,value) -> 6
list.insert_before_ref(idx,value) -> 7
list                              -> [1,2,10,10,10,3,4,5]
value = 100;                      -> 100
list                              -> [1,2,100,100,100,3,4,5]

=== List method insert_after#2 =================================================

list                     -> [1,2,3,4,5]
list.insert_after(idx,6) -> 5
list.insert_after(idx,7) -> 6
list.insert_after(idx,8) -> 7
list                     -> [1,2,3,8,7,6,4,5]

=== List method insert_after_ref#2 =============================================

value                            -> 10
list                             -> [1,2,3,4,5]
list.insert_after_ref(idx,value) -> 5
list.insert_after_ref(idx,value) -> 6
list.insert_after_ref(idx,value) -> 7
list                             -> [1,2,3,10,10,10,4,5]
value = 100;                     -> 100
list                             -> [1,2,3,100,100,100,4,5]

=== List method remove#1 =======================================================

list             -> [1,2,3,4,5]
list.remove(idx) -> <blank>
list             -> [1,2,4,5]

=== List method has_idx#1 ======================================================

list            -> [1,2,3,4,5]
list.has_idx(2) -> 1
list.has_idx(6) -> 0

=== List method get_idx#1 ======================================================

list            -> [1,2,3,4,5]
list.get_idx(2) -> 1
list.get_idx(3) -> 2

=== List method get_idxs#1 =====================================================

list             -> [1,2,3,3,2,4]
list.get_idxs(2) -> [1,4]
list.get_idxs(3) -> [2,3]

=== Difference of to_string#0 and to_string#1 ==================================

list.to_string()        -> [1,2,3,4,5]
list.to_string("-SEP-") -> 1-SEP-2-SEP-3-SEP-4-SEP-5

=== Tutorial end ===============================================================

