
=== While loop statement =======================================================

1 2 3 4 5 6 7 8 9 

=== Do while loop statement ====================================================

0 1 2 3 4 5 6 7 8 9 

=== Continue key word ==========================================================

0 1 2 3 4 5 6 7 8 9 

=== Break key word =============================================================

0 1 2 3 4 5 6 7 8 9 10 

=== Loop through iterable object ===============================================

Zero One Two Three Four Five 

=== First type of iterable =====================================================

item(0) item(1) item(2) item(3) item(4) item(5) item(6) item(7) item(8) item(9) 

=== First type of iterable, break ==============================================

item(0) item(1) item(2) item(3) item(4) item(5) 

=== Second type of iterable, continue ==========================================

item(0) item(1) item(2) item(3) item(4) item(5) 

=== Tutorial end ===============================================================

